#-----------------------------------------------------------
# Vivado v2023.1 (64-bit)
# SW Build 3865809 on Sun May  7 15:04:56 MDT 2023
# IP Build 3864474 on Sun May  7 20:36:21 MDT 2023
# SharedData Build 3865790 on Sun May 07 13:33:03 MDT 2023
# Start of session at: Sat Sep 21 14:18:12 2024
# Process ID: 20651
# Current directory: /home/chris/Dropbox/Masters/Design of Digital Systems/Assignments/DigitalSystem/Assignment_1/doc/assignment_1/assignment_1.runs/synth_1
# Command line: vivado -log gcd_tb.vds -product Vivado -mode batch -messageDb vivado.pb -notrace -source gcd_tb.tcl
# Log file: /home/chris/Dropbox/Masters/Design of Digital Systems/Assignments/DigitalSystem/Assignment_1/doc/assignment_1/assignment_1.runs/synth_1/gcd_tb.vds
# Journal file: /home/chris/Dropbox/Masters/Design of Digital Systems/Assignments/DigitalSystem/Assignment_1/doc/assignment_1/assignment_1.runs/synth_1/vivado.jou
# Running On: chris-ms7c02, OS: Linux, CPU Frequency: 4199.610 MHz, CPU Physical cores: 16, Host memory: 33568 MB
#-----------------------------------------------------------
source gcd_tb.tcl -notrace
